2026-06-01 03:28:56,726 - INFO - No birthday today
2026-06-02 02:58:26,026 - INFO - No birthday today
2026-06-03 03:33:28,999 - INFO - No birthday today
2026-06-04 03:28:33,956 - INFO - No birthday today
2026-06-05 02:51:20,661 - INFO - No birthday today
2026-06-06 02:37:55,450 - INFO - No birthday today
2026-06-07 02:56:28,673 - INFO - No birthday today
2026-06-08 02:59:08,832 - INFO - No birthday today
2026-06-09 02:36:52,590 - INFO - No birthday today
2026-06-10 02:50:42,472 - INFO - No birthday today
2026-06-11 03:22:55,168 - INFO - No birthday today
2026-06-12 02:57:12,509 - INFO - No birthday today
2026-06-13 02:49:49,486 - INFO - Email successfully sent to Diptiman Da
2026-06-14 03:26:07,637 - INFO - No birthday today
2026-06-15 03:35:42,967 - INFO - No birthday today
2026-06-16 03:32:07,723 - INFO - No birthday today
2026-06-17 03:29:57,375 - INFO - No birthday today
2026-06-18 02:57:55,840 - INFO - No birthday today
2026-06-19 03:44:19,545 - INFO - No birthday today
2026-06-20 02:48:34,893 - INFO - No birthday today
2026-06-21 03:31:35,040 - INFO - No birthday today
2026-06-22 03:36:32,331 - INFO - No birthday today
2026-06-23 02:42:11,204 - INFO - No birthday today
2026-06-24 02:42:50,099 - INFO - No birthday today
2026-06-25 02:43:28,177 - INFO - No birthday today
2026-06-26 02:47:38,950 - INFO - No birthday today
2026-06-27 02:38:35,154 - INFO - No birthday today
2026-06-28 02:52:58,820 - INFO - No birthday today
2026-06-29 02:53:22,181 - INFO - No birthday today
2026-06-30 02:47:22,493 - INFO - No birthday today
2026-07-01 02:53:07,405 - INFO - No birthday today
2026-07-02 02:42:58,868 - INFO - No birthday today
2026-07-03 02:25:28,535 - INFO - Email successfully sent to Urmit
2026-07-04 02:23:42,632 - INFO - No birthday today
2026-07-05 02:32:57,674 - INFO - No birthday today
2026-07-06 02:37:24,313 - INFO - No birthday today
2026-07-07 02:33:10,520 - INFO - No birthday today
2026-07-08 02:06:52,978 - INFO - No birthday today
2026-07-09 02:25:43,815 - INFO - No birthday today
2026-07-10 02:27:13,557 - INFO - No birthday today
2026-07-11 02:04:52,357 - INFO - No birthday today
2026-07-12 02:08:40,786 - INFO - No birthday today
2026-07-13 02:10:04,615 - INFO - No birthday today
2026-07-14 01:55:37,995 - INFO - No birthday today
2026-07-15 01:52:09,260 - INFO - No birthday today
2026-07-16 02:02:52,397 - INFO - No birthday today
2026-07-17 02:06:10,162 - INFO - No birthday today
2026-07-18 01:54:58,948 - INFO - No birthday today
2026-07-19 02:06:19,729 - INFO - No birthday today
2026-07-20 02:26:56,368 - INFO - No birthday today
2026-07-21 02:05:16,041 - INFO - No birthday today
2026-07-22 02:03:35,848 - INFO - No birthday today
2026-07-23 02:10:22,034 - INFO - No birthday today
2026-07-24 02:06:31,127 - INFO - No birthday today
2026-07-25 02:06:00,699 - INFO - No birthday today
2026-07-26 02:10:51,722 - INFO - No birthday today
2026-07-27 02:24:27,045 - INFO - No birthday today
2026-07-28 01:59:26,572 - INFO - Email successfully sent to Anupam
2026-07-29 02:02:09,338 - INFO - No birthday today
2026-07-30 01:52:25,662 - INFO - No birthday today
2026-07-31 02:10:54,776 - INFO - No birthday today
2026-08-01 02:12:22,962 - INFO - No birthday today
2026-08-02 02:09:33,283 - INFO - No birthday today
2026-08-03 02:11:45,480 - INFO - No birthday today
2026-08-04 01:57:36,166 - INFO - No birthday today
2026-08-05 01:56:47,321 - INFO - No birthday today
2026-08-06 02:00:23,951 - INFO - No birthday today
2026-08-07 02:22:23,358 - INFO - Email successfully sent to Sudharshan
2026-08-08 01:08:36,057 - INFO - No birthday today
2026-08-09 01:13:24,254 - INFO - No birthday today
2026-08-10 01:15:16,598 - INFO - No birthday today
2026-08-11 01:13:36,564 - INFO - No birthday today
2026-08-12 01:21:18,727 - INFO - No birthday today
2026-08-13 01:23:05,148 - INFO - No birthday today
2026-08-14 01:22:25,641 - INFO - No birthday today
2026-08-15 00:53:26,144 - INFO - No birthday today
2026-08-16 00:56:16,319 - INFO - No birthday today
2026-08-17 00:54:07,094 - INFO - No birthday today
2026-08-18 00:52:43,210 - INFO - No birthday today
2026-08-19 00:53:09,708 - INFO - No birthday today
2026-08-20 00:53:09,640 - INFO - No birthday today
2026-08-21 00:56:52,499 - INFO - No birthday today
2026-08-22 00:53:25,784 - INFO - No birthday today
2026-08-23 00:57:18,245 - INFO - No birthday today
2026-08-24 00:55:11,161 - INFO - No birthday today
